Símbolo         Valor Decimal   Valor Hexadecimal
-------         -------------   -----------------
VAR1                        0                   0
VAR2                        3                   3
VAR3                        6                   6
VAR4                        9                   9
VAR5                       12                   C
VAR6                       15                   F
VAR7                       18                  12
VAR8                       21                  15
VAR9                       24                  18
VAR10                      27                  1B
VAR11                      30                  1E
VAR12                      33                  21
VAR13                      36                  24
VAR14                      39                  27
VAR15                      42                  2A
VAR16                      45                  2D
VAR17                      48                  30
VAR18                      51                  33
VAR19                      54                  36
VAR20                      57                  39
VAR21                      60                  3C
VAR22                      63                  3F
